Archive member included to satisfy reference by file (symbol)

c:/program files (x86)/atmel/studio/7.0/toolchain/avr8/avr8-gnu-toolchain/bin/../lib/gcc/avr/5.4.0/avr5\libgcc.a(_exit.o)
                              C:/Program Files (x86)/Atmel/Studio/7.0/Packs/atmel/ATmega_DFP/1.3.300/gcc/dev/atmega328p/avr5/crtatmega328p.o (exit)
c:/program files (x86)/atmel/studio/7.0/toolchain/avr8/avr8-gnu-toolchain/bin/../lib/gcc/avr/5.4.0/avr5\libgcc.a(_clear_bss.o)
                              current_controller_fsm.o (__do_clear_bss)
c:/program files (x86)/atmel/studio/7.0/toolchain/avr8/avr8-gnu-toolchain/bin/../lib/gcc/avr/5.4.0/avr5\libgcc.a(_umulhisi3.o)
                              Drivers/UART.o (__umulhisi3)

Allocating common symbols
Common symbol       size              file

g4                  0x1               current_controller_fsm.o
g19                 0x1               current_controller_fsm.o
waitTouch_state     0x1               current_controller_fsm.o
g27                 0x1               current_controller_fsm.o
g3                  0x1               current_controller_fsm.o
g9                  0x1               current_controller_fsm.o
_cg7                0x1               current_controller_fsm.o
_PRE_GO             0x2               current_controller_fsm.o
PRE_g3              0x1               current_controller_fsm.o
g2b                 0x1               current_controller_fsm.o
g1                  0x1               current_controller_fsm.o
doorClosed          0x1               current_controller_fsm.o
g35_e2              0x1               current_controller_fsm.o
g12                 0x1               current_controller_fsm.o
init_state          0x1               current_controller_fsm.o
g17                 0x1               current_controller_fsm.o
g31                 0x1               current_controller_fsm.o
startSoftCloseTimer
                    0x1               current_controller_fsm.o
g18                 0x1               current_controller_fsm.o
breaking_state      0x1               current_controller_fsm.o
fsm_state           0x1               main.o
doorOpen            0x1               current_controller_fsm.o
touched             0x1               current_controller_fsm.o
_cg21               0x1               current_controller_fsm.o
startOpeningTimer   0x1               current_controller_fsm.o
PRE_g1              0x1               current_controller_fsm.o
_cg28               0x1               current_controller_fsm.o
g21                 0x1               current_controller_fsm.o
PRE_g12             0x1               current_controller_fsm.o
g34                 0x1               current_controller_fsm.o
startWaitUserTimer  0x1               current_controller_fsm.o
g5                  0x1               current_controller_fsm.o
g2                  0x1               current_controller_fsm.o
g7                  0x1               current_controller_fsm.o
_cg16               0x1               current_controller_fsm.o
g23                 0x1               current_controller_fsm.o
g14                 0x1               current_controller_fsm.o
waitUser_state      0x1               current_controller_fsm.o
PRE_g18             0x1               current_controller_fsm.o
PRE_g6              0x1               current_controller_fsm.o
g33                 0x1               current_controller_fsm.o
fsm_states          0xc               main.o
g31_e1              0x1               current_controller_fsm.o
g35                 0x1               current_controller_fsm.o
g15                 0x1               current_controller_fsm.o
_GO                 0x1               current_controller_fsm.o
g17b                0x1               current_controller_fsm.o
g20                 0x1               current_controller_fsm.o
_cg10               0x1               current_controller_fsm.o
openingTimer_ex     0x1               current_controller_fsm.o
g36                 0x1               current_controller_fsm.o
waitUser_ex         0x1               current_controller_fsm.o
g13                 0x1               current_controller_fsm.o
g8                  0x1               current_controller_fsm.o
g6                  0x1               current_controller_fsm.o
_cg19               0x1               current_controller_fsm.o
PRE_g33             0x1               current_controller_fsm.o
_cg13               0x1               current_controller_fsm.o
g0                  0x1               current_controller_fsm.o
g30                 0x1               current_controller_fsm.o
PRE_g15             0x1               current_controller_fsm.o
g16                 0x1               current_controller_fsm.o
g25                 0x1               current_controller_fsm.o
generateOpening_state
                    0x1               current_controller_fsm.o
g11                 0x1               current_controller_fsm.o
g22                 0x1               current_controller_fsm.o
g28                 0x1               current_controller_fsm.o
g32                 0x1               current_controller_fsm.o
g20b                0x1               current_controller_fsm.o
g29                 0x1               current_controller_fsm.o
g24                 0x1               current_controller_fsm.o
_cg4                0x1               current_controller_fsm.o
PRE_g9              0x1               current_controller_fsm.o
generareClosing_state
                    0x1               current_controller_fsm.o
g10                 0x1               current_controller_fsm.o
g26                 0x1               current_controller_fsm.o
doorAlmostClosed    0x1               current_controller_fsm.o

Discarded input sections

 .data          0x00000000        0x0 C:/Program Files (x86)/Atmel/Studio/7.0/Packs/atmel/ATmega_DFP/1.3.300/gcc/dev/atmega328p/avr5/crtatmega328p.o
 .bss           0x00000000        0x0 C:/Program Files (x86)/Atmel/Studio/7.0/Packs/atmel/ATmega_DFP/1.3.300/gcc/dev/atmega328p/avr5/crtatmega328p.o
 .text          0x00000000        0x0 current_controller_fsm.o
 .data          0x00000000        0x0 current_controller_fsm.o
 .bss           0x00000000        0x0 current_controller_fsm.o
 .text          0x00000000        0x0 Drivers/UART.o
 .data          0x00000000        0x0 Drivers/UART.o
 .bss           0x00000000        0x0 Drivers/UART.o
 .text.UART_transmit_char
                0x00000000       0x10 Drivers/UART.o
 .text.UART_transmit_string
                0x00000000       0x44 Drivers/UART.o
 .text          0x00000000        0x0 main.o
 .data          0x00000000        0x0 main.o
 .bss           0x00000000        0x0 main.o
 .text.stop_coil_pwm
                0x00000000       0x1c main.o
 .text.set_coil_pwm_to_idle
                0x00000000        0xc main.o
 .text.stop_touch_pwm
                0x00000000        0x8 main.o
 COMMON         0x00000000        0xd main.o
 .text          0x00000000        0x0 c:/program files (x86)/atmel/studio/7.0/toolchain/avr8/avr8-gnu-toolchain/bin/../lib/gcc/avr/5.4.0/avr5\libgcc.a(_exit.o)
 .data          0x00000000        0x0 c:/program files (x86)/atmel/studio/7.0/toolchain/avr8/avr8-gnu-toolchain/bin/../lib/gcc/avr/5.4.0/avr5\libgcc.a(_exit.o)
 .bss           0x00000000        0x0 c:/program files (x86)/atmel/studio/7.0/toolchain/avr8/avr8-gnu-toolchain/bin/../lib/gcc/avr/5.4.0/avr5\libgcc.a(_exit.o)
 .text.libgcc.mul
                0x00000000        0x0 c:/program files (x86)/atmel/studio/7.0/toolchain/avr8/avr8-gnu-toolchain/bin/../lib/gcc/avr/5.4.0/avr5\libgcc.a(_exit.o)
 .text.libgcc.div
                0x00000000        0x0 c:/program files (x86)/atmel/studio/7.0/toolchain/avr8/avr8-gnu-toolchain/bin/../lib/gcc/avr/5.4.0/avr5\libgcc.a(_exit.o)
 .text.libgcc   0x00000000        0x0 c:/program files (x86)/atmel/studio/7.0/toolchain/avr8/avr8-gnu-toolchain/bin/../lib/gcc/avr/5.4.0/avr5\libgcc.a(_exit.o)
 .text.libgcc.prologue
                0x00000000        0x0 c:/program files (x86)/atmel/studio/7.0/toolchain/avr8/avr8-gnu-toolchain/bin/../lib/gcc/avr/5.4.0/avr5\libgcc.a(_exit.o)
 .text.libgcc.builtins
                0x00000000        0x0 c:/program files (x86)/atmel/studio/7.0/toolchain/avr8/avr8-gnu-toolchain/bin/../lib/gcc/avr/5.4.0/avr5\libgcc.a(_exit.o)
 .text.libgcc.fmul
                0x00000000        0x0 c:/program files (x86)/atmel/studio/7.0/toolchain/avr8/avr8-gnu-toolchain/bin/../lib/gcc/avr/5.4.0/avr5\libgcc.a(_exit.o)
 .text.libgcc.fixed
                0x00000000        0x0 c:/program files (x86)/atmel/studio/7.0/toolchain/avr8/avr8-gnu-toolchain/bin/../lib/gcc/avr/5.4.0/avr5\libgcc.a(_exit.o)
 .text          0x00000000        0x0 c:/program files (x86)/atmel/studio/7.0/toolchain/avr8/avr8-gnu-toolchain/bin/../lib/gcc/avr/5.4.0/avr5\libgcc.a(_clear_bss.o)
 .data          0x00000000        0x0 c:/program files (x86)/atmel/studio/7.0/toolchain/avr8/avr8-gnu-toolchain/bin/../lib/gcc/avr/5.4.0/avr5\libgcc.a(_clear_bss.o)
 .bss           0x00000000        0x0 c:/program files (x86)/atmel/studio/7.0/toolchain/avr8/avr8-gnu-toolchain/bin/../lib/gcc/avr/5.4.0/avr5\libgcc.a(_clear_bss.o)
 .text.libgcc.mul
                0x00000000        0x0 c:/program files (x86)/atmel/studio/7.0/toolchain/avr8/avr8-gnu-toolchain/bin/../lib/gcc/avr/5.4.0/avr5\libgcc.a(_clear_bss.o)
 .text.libgcc.div
                0x00000000        0x0 c:/program files (x86)/atmel/studio/7.0/toolchain/avr8/avr8-gnu-toolchain/bin/../lib/gcc/avr/5.4.0/avr5\libgcc.a(_clear_bss.o)
 .text.libgcc   0x00000000        0x0 c:/program files (x86)/atmel/studio/7.0/toolchain/avr8/avr8-gnu-toolchain/bin/../lib/gcc/avr/5.4.0/avr5\libgcc.a(_clear_bss.o)
 .text.libgcc.prologue
                0x00000000        0x0 c:/program files (x86)/atmel/studio/7.0/toolchain/avr8/avr8-gnu-toolchain/bin/../lib/gcc/avr/5.4.0/avr5\libgcc.a(_clear_bss.o)
 .text.libgcc.builtins
                0x00000000        0x0 c:/program files (x86)/atmel/studio/7.0/toolchain/avr8/avr8-gnu-toolchain/bin/../lib/gcc/avr/5.4.0/avr5\libgcc.a(_clear_bss.o)
 .text.libgcc.fmul
                0x00000000        0x0 c:/program files (x86)/atmel/studio/7.0/toolchain/avr8/avr8-gnu-toolchain/bin/../lib/gcc/avr/5.4.0/avr5\libgcc.a(_clear_bss.o)
 .text.libgcc.fixed
                0x00000000        0x0 c:/program files (x86)/atmel/studio/7.0/toolchain/avr8/avr8-gnu-toolchain/bin/../lib/gcc/avr/5.4.0/avr5\libgcc.a(_clear_bss.o)
 .text          0x00000000        0x0 c:/program files (x86)/atmel/studio/7.0/toolchain/avr8/avr8-gnu-toolchain/bin/../lib/gcc/avr/5.4.0/avr5\libgcc.a(_umulhisi3.o)
 .data          0x00000000        0x0 c:/program files (x86)/atmel/studio/7.0/toolchain/avr8/avr8-gnu-toolchain/bin/../lib/gcc/avr/5.4.0/avr5\libgcc.a(_umulhisi3.o)
 .bss           0x00000000        0x0 c:/program files (x86)/atmel/studio/7.0/toolchain/avr8/avr8-gnu-toolchain/bin/../lib/gcc/avr/5.4.0/avr5\libgcc.a(_umulhisi3.o)
 .text.libgcc.div
                0x00000000        0x0 c:/program files (x86)/atmel/studio/7.0/toolchain/avr8/avr8-gnu-toolchain/bin/../lib/gcc/avr/5.4.0/avr5\libgcc.a(_umulhisi3.o)
 .text.libgcc   0x00000000        0x0 c:/program files (x86)/atmel/studio/7.0/toolchain/avr8/avr8-gnu-toolchain/bin/../lib/gcc/avr/5.4.0/avr5\libgcc.a(_umulhisi3.o)
 .text.libgcc.prologue
                0x00000000        0x0 c:/program files (x86)/atmel/studio/7.0/toolchain/avr8/avr8-gnu-toolchain/bin/../lib/gcc/avr/5.4.0/avr5\libgcc.a(_umulhisi3.o)
 .text.libgcc.builtins
                0x00000000        0x0 c:/program files (x86)/atmel/studio/7.0/toolchain/avr8/avr8-gnu-toolchain/bin/../lib/gcc/avr/5.4.0/avr5\libgcc.a(_umulhisi3.o)
 .text.libgcc.fmul
                0x00000000        0x0 c:/program files (x86)/atmel/studio/7.0/toolchain/avr8/avr8-gnu-toolchain/bin/../lib/gcc/avr/5.4.0/avr5\libgcc.a(_umulhisi3.o)
 .text.libgcc.fixed
                0x00000000        0x0 c:/program files (x86)/atmel/studio/7.0/toolchain/avr8/avr8-gnu-toolchain/bin/../lib/gcc/avr/5.4.0/avr5\libgcc.a(_umulhisi3.o)

Memory Configuration

Name             Origin             Length             Attributes
text             0x00000000         0x00020000         xr
data             0x00800060         0x0000ffa0         rw !x
eeprom           0x00810000         0x00010000         rw !x
fuse             0x00820000         0x00000003         rw !x
lock             0x00830000         0x00000400         rw !x
signature        0x00840000         0x00000400         rw !x
user_signatures  0x00850000         0x00000400         rw !x
*default*        0x00000000         0xffffffff

Linker script and memory map

Address of section .data set to 0x800100
LOAD C:/Program Files (x86)/Atmel/Studio/7.0/Packs/atmel/ATmega_DFP/1.3.300/gcc/dev/atmega328p/avr5/crtatmega328p.o
LOAD current_controller_fsm.o
LOAD Drivers/UART.o
LOAD main.o
START GROUP
LOAD c:/program files (x86)/atmel/studio/7.0/toolchain/avr8/avr8-gnu-toolchain/bin/../lib/gcc/avr/5.4.0/../../../../avr/lib/avr5\libm.a
END GROUP
START GROUP
LOAD c:/program files (x86)/atmel/studio/7.0/toolchain/avr8/avr8-gnu-toolchain/bin/../lib/gcc/avr/5.4.0/avr5\libgcc.a
LOAD c:/program files (x86)/atmel/studio/7.0/toolchain/avr8/avr8-gnu-toolchain/bin/../lib/gcc/avr/5.4.0/../../../../avr/lib/avr5\libm.a
LOAD c:/program files (x86)/atmel/studio/7.0/toolchain/avr8/avr8-gnu-toolchain/bin/../lib/gcc/avr/5.4.0/../../../../avr/lib/avr5\libc.a
LOAD C:/Program Files (x86)/Atmel/Studio/7.0/Packs/atmel/ATmega_DFP/1.3.300/gcc/dev/atmega328p/avr5\libatmega328p.a
END GROUP
                0x00000000                __TEXT_REGION_ORIGIN__ = DEFINED (__TEXT_REGION_ORIGIN__)?__TEXT_REGION_ORIGIN__:0x0
                0x00800060                __DATA_REGION_ORIGIN__ = DEFINED (__DATA_REGION_ORIGIN__)?__DATA_REGION_ORIGIN__:0x800060
                0x00020000                __TEXT_REGION_LENGTH__ = DEFINED (__TEXT_REGION_LENGTH__)?__TEXT_REGION_LENGTH__:0x20000
                0x0000ffa0                __DATA_REGION_LENGTH__ = DEFINED (__DATA_REGION_LENGTH__)?__DATA_REGION_LENGTH__:0xffa0
                0x00010000                __EEPROM_REGION_LENGTH__ = DEFINED (__EEPROM_REGION_LENGTH__)?__EEPROM_REGION_LENGTH__:0x10000
                [0x00000003]                __FUSE_REGION_LENGTH__ = DEFINED (__FUSE_REGION_LENGTH__)?__FUSE_REGION_LENGTH__:0x400
                0x00000400                __LOCK_REGION_LENGTH__ = DEFINED (__LOCK_REGION_LENGTH__)?__LOCK_REGION_LENGTH__:0x400
                0x00000400                __SIGNATURE_REGION_LENGTH__ = DEFINED (__SIGNATURE_REGION_LENGTH__)?__SIGNATURE_REGION_LENGTH__:0x400
                0x00000400                __USER_SIGNATURE_REGION_LENGTH__ = DEFINED (__USER_SIGNATURE_REGION_LENGTH__)?__USER_SIGNATURE_REGION_LENGTH__:0x400

.hash
 *(.hash)

.dynsym
 *(.dynsym)

.dynstr
 *(.dynstr)

.gnu.version
 *(.gnu.version)

.gnu.version_d
 *(.gnu.version_d)

.gnu.version_r
 *(.gnu.version_r)

.rel.init
 *(.rel.init)

.rela.init
 *(.rela.init)

.rel.text
 *(.rel.text)
 *(.rel.text.*)
 *(.rel.gnu.linkonce.t*)

.rela.text
 *(.rela.text)
 *(.rela.text.*)
 *(.rela.gnu.linkonce.t*)

.rel.fini
 *(.rel.fini)

.rela.fini
 *(.rela.fini)

.rel.rodata
 *(.rel.rodata)
 *(.rel.rodata.*)
 *(.rel.gnu.linkonce.r*)

.rela.rodata
 *(.rela.rodata)
 *(.rela.rodata.*)
 *(.rela.gnu.linkonce.r*)

.rel.data
 *(.rel.data)
 *(.rel.data.*)
 *(.rel.gnu.linkonce.d*)

.rela.data
 *(.rela.data)
 *(.rela.data.*)
 *(.rela.gnu.linkonce.d*)

.rel.ctors
 *(.rel.ctors)

.rela.ctors
 *(.rela.ctors)

.rel.dtors
 *(.rel.dtors)

.rela.dtors
 *(.rela.dtors)

.rel.got
 *(.rel.got)

.rela.got
 *(.rela.got)

.rel.bss
 *(.rel.bss)

.rela.bss
 *(.rela.bss)

.rel.plt
 *(.rel.plt)

.rela.plt
 *(.rela.plt)

.text           0x00000000      0x834
 *(.vectors)
 .vectors       0x00000000       0x68 C:/Program Files (x86)/Atmel/Studio/7.0/Packs/atmel/ATmega_DFP/1.3.300/gcc/dev/atmega328p/avr5/crtatmega328p.o
                0x00000000                __vector_default
                0x00000000                __vectors
 *(.vectors)
 *(.progmem.gcc*)
                0x00000068                . = ALIGN (0x2)
                0x00000068                __trampolines_start = .
 *(.trampolines)
 .trampolines   0x00000068        0x0 linker stubs
 *(.trampolines*)
                0x00000068                __trampolines_end = .
 *libprintf_flt.a:*(.progmem.data)
 *libc.a:*(.progmem.data)
 *(.progmem*)
                0x00000068                . = ALIGN (0x2)
 *(.jumptables)
 *(.jumptables*)
 *(.lowtext)
 *(.lowtext*)
                0x00000068                __ctors_start = .
 *(.ctors)
                0x00000068                __ctors_end = .
                0x00000068                __dtors_start = .
 *(.dtors)
                0x00000068                __dtors_end = .
 SORT(*)(.ctors)
 SORT(*)(.dtors)
 *(.init0)
 .init0         0x00000068        0x0 C:/Program Files (x86)/Atmel/Studio/7.0/Packs/atmel/ATmega_DFP/1.3.300/gcc/dev/atmega328p/avr5/crtatmega328p.o
                0x00000068                __init
 *(.init0)
 *(.init1)
 *(.init1)
 *(.init2)
 .init2         0x00000068        0xc C:/Program Files (x86)/Atmel/Studio/7.0/Packs/atmel/ATmega_DFP/1.3.300/gcc/dev/atmega328p/avr5/crtatmega328p.o
 *(.init2)
 *(.init3)
 *(.init3)
 *(.init4)
 .init4         0x00000074       0x10 c:/program files (x86)/atmel/studio/7.0/toolchain/avr8/avr8-gnu-toolchain/bin/../lib/gcc/avr/5.4.0/avr5\libgcc.a(_clear_bss.o)
                0x00000074                __do_clear_bss
 *(.init4)
 *(.init5)
 *(.init5)
 *(.init6)
 *(.init6)
 *(.init7)
 *(.init7)
 *(.init8)
 *(.init8)
 *(.init9)
 .init9         0x00000084        0x8 C:/Program Files (x86)/Atmel/Studio/7.0/Packs/atmel/ATmega_DFP/1.3.300/gcc/dev/atmega328p/avr5/crtatmega328p.o
 *(.init9)
 *(.text)
 .text          0x0000008c        0x4 C:/Program Files (x86)/Atmel/Studio/7.0/Packs/atmel/ATmega_DFP/1.3.300/gcc/dev/atmega328p/avr5/crtatmega328p.o
                0x0000008c                __vector_22
                0x0000008c                __vector_1
                0x0000008c                __vector_24
                0x0000008c                __vector_12
                0x0000008c                __bad_interrupt
                0x0000008c                __vector_6
                0x0000008c                __vector_3
                0x0000008c                __vector_23
                0x0000008c                __vector_25
                0x0000008c                __vector_11
                0x0000008c                __vector_13
                0x0000008c                __vector_17
                0x0000008c                __vector_19
                0x0000008c                __vector_5
                0x0000008c                __vector_4
                0x0000008c                __vector_9
                0x0000008c                __vector_2
                0x0000008c                __vector_21
                0x0000008c                __vector_15
                0x0000008c                __vector_8
                0x0000008c                __vector_14
                0x0000008c                __vector_10
                0x0000008c                __vector_16
                0x0000008c                __vector_18
                0x0000008c                __vector_20
                0x00000090                . = ALIGN (0x2)
 *(.text.*)
 .text.reset    0x00000090       0x30 current_controller_fsm.o
                0x00000090                reset
 .text.tick     0x000000c0      0x4c8 current_controller_fsm.o
                0x000000c0                tick
 .text.UART_init
                0x00000588       0x16 Drivers/UART.o
                0x00000588                UART_init
 .text.uart_transmit_byte
                0x0000059e       0x10 Drivers/UART.o
                0x0000059e                uart_transmit_byte
 .text.UART_transmit
                0x000005ae       0x5c Drivers/UART.o
                0x000005ae                UART_transmit
 .text.int2str  0x0000060a       0x8c Drivers/UART.o
                0x0000060a                int2str
 .text.UART_transmit_number
                0x00000696       0x3c Drivers/UART.o
                0x00000696                UART_transmit_number
 .text.__vector_7
                0x000006d2       0x66 main.o
                0x000006d2                __vector_7
 .text.init_timer
                0x00000738       0x26 main.o
                0x00000738                init_timer
 .text.gp_io_init
                0x0000075e        0xa main.o
                0x0000075e                gp_io_init
 .text.init_coil_pwm
                0x00000768       0x42 main.o
                0x00000768                init_coil_pwm
 .text.start_coil_pwm
                0x000007aa       0x1c main.o
                0x000007aa                start_coil_pwm
 .text.touch_pwm_init
                0x000007c6       0x12 main.o
                0x000007c6                touch_pwm_init
 .text.start_touch_pwm
                0x000007d8        0xa main.o
                0x000007d8                start_touch_pwm
 .text.main     0x000007e2       0x30 main.o
                0x000007e2                main
 .text.libgcc.mul
                0x00000812       0x1e c:/program files (x86)/atmel/studio/7.0/toolchain/avr8/avr8-gnu-toolchain/bin/../lib/gcc/avr/5.4.0/avr5\libgcc.a(_umulhisi3.o)
                0x00000812                __umulhisi3
                0x00000830                . = ALIGN (0x2)
 *(.fini9)
 .fini9         0x00000830        0x0 c:/program files (x86)/atmel/studio/7.0/toolchain/avr8/avr8-gnu-toolchain/bin/../lib/gcc/avr/5.4.0/avr5\libgcc.a(_exit.o)
                0x00000830                _exit
                0x00000830                exit
 *(.fini9)
 *(.fini8)
 *(.fini8)
 *(.fini7)
 *(.fini7)
 *(.fini6)
 *(.fini6)
 *(.fini5)
 *(.fini5)
 *(.fini4)
 *(.fini4)
 *(.fini3)
 *(.fini3)
 *(.fini2)
 *(.fini2)
 *(.fini1)
 *(.fini1)
 *(.fini0)
 .fini0         0x00000830        0x4 c:/program files (x86)/atmel/studio/7.0/toolchain/avr8/avr8-gnu-toolchain/bin/../lib/gcc/avr/5.4.0/avr5\libgcc.a(_exit.o)
 *(.fini0)
                0x00000834                _etext = .

.data           0x00800100        0x0 load address 0x00000834
                [!provide]                PROVIDE (__data_start, .)
 *(.data)
 *(.data*)
 *(.gnu.linkonce.d*)
 *(.rodata)
 *(.rodata*)
 *(.gnu.linkonce.r*)
                0x00800100                . = ALIGN (0x2)
                0x00800100                _edata = .
                [!provide]                PROVIDE (__data_end, .)

.bss            0x00800100       0x4e
                0x00800100                PROVIDE (__bss_start, .)
 *(.bss)
 *(.bss*)
 .bss.timer_overflow_count
                0x00800100        0x2 main.o
                0x00800100                timer_overflow_count
 *(COMMON)
 COMMON         0x00800102       0x4c current_controller_fsm.o
                0x00800102                g4
                0x00800103                g19
                0x00800104                waitTouch_state
                0x00800105                g27
                0x00800106                g3
                0x00800107                g9
                0x00800108                _cg7
                0x00800109                _PRE_GO
                0x0080010b                PRE_g3
                0x0080010c                g2b
                0x0080010d                g1
                0x0080010e                doorClosed
                0x0080010f                g35_e2
                0x00800110                g12
                0x00800111                init_state
                0x00800112                g17
                0x00800113                g31
                0x00800114                startSoftCloseTimer
                0x00800115                g18
                0x00800116                breaking_state
                0x00800117                doorOpen
                0x00800118                touched
                0x00800119                _cg21
                0x0080011a                startOpeningTimer
                0x0080011b                PRE_g1
                0x0080011c                _cg28
                0x0080011d                g21
                0x0080011e                PRE_g12
                0x0080011f                g34
                0x00800120                startWaitUserTimer
                0x00800121                g5
                0x00800122                g2
                0x00800123                g7
                0x00800124                _cg16
                0x00800125                g23
                0x00800126                g14
                0x00800127                waitUser_state
                0x00800128                PRE_g18
                0x00800129                PRE_g6
                0x0080012a                g33
                0x0080012b                g31_e1
                0x0080012c                g35
                0x0080012d                g15
                0x0080012e                _GO
                0x0080012f                g17b
                0x00800130                g20
                0x00800131                _cg10
                0x00800132                openingTimer_ex
                0x00800133                g36
                0x00800134                waitUser_ex
                0x00800135                g13
                0x00800136                g8
                0x00800137                g6
                0x00800138                _cg19
                0x00800139                PRE_g33
                0x0080013a                _cg13
                0x0080013b                g0
                0x0080013c                g30
                0x0080013d                PRE_g15
                0x0080013e                g16
                0x0080013f                g25
                0x00800140                generateOpening_state
                0x00800141                g11
                0x00800142                g22
                0x00800143                g28
                0x00800144                g32
                0x00800145                g20b
                0x00800146                g29
                0x00800147                g24
                0x00800148                _cg4
                0x00800149                PRE_g9
                0x0080014a                generareClosing_state
                0x0080014b                g10
                0x0080014c                g26
                0x0080014d                doorAlmostClosed
                0x0080014e                PROVIDE (__bss_end, .)
                0x00000834                __data_load_start = LOADADDR (.data)
                0x00000834                __data_load_end = (__data_load_start + SIZEOF (.data))

.noinit         0x0080014e        0x0
                [!provide]                PROVIDE (__noinit_start, .)
 *(.noinit*)
                [!provide]                PROVIDE (__noinit_end, .)
                0x0080014e                _end = .
                [!provide]                PROVIDE (__heap_start, .)

.eeprom         0x00810000        0x0
 *(.eeprom*)
                0x00810000                __eeprom_end = .

.fuse
 *(.fuse)
 *(.lfuse)
 *(.hfuse)
 *(.efuse)

.lock
 *(.lock*)

.signature
 *(.signature*)

.user_signatures
 *(.user_signatures*)

.stab
 *(.stab)

.stabstr
 *(.stabstr)

.stab.excl
 *(.stab.excl)

.stab.exclstr
 *(.stab.exclstr)

.stab.index
 *(.stab.index)

.stab.indexstr
 *(.stab.indexstr)

.comment        0x00000000       0x30
 *(.comment)
 .comment       0x00000000       0x30 current_controller_fsm.o
                                 0x31 (size before relaxing)
 .comment       0x00000030       0x31 Drivers/UART.o
 .comment       0x00000030       0x31 main.o

.note.gnu.avr.deviceinfo
                0x00000000       0x40
 .note.gnu.avr.deviceinfo
                0x00000000       0x40 C:/Program Files (x86)/Atmel/Studio/7.0/Packs/atmel/ATmega_DFP/1.3.300/gcc/dev/atmega328p/avr5/crtatmega328p.o

.note.gnu.build-id
 *(.note.gnu.build-id)

.debug
 *(.debug)

.line
 *(.line)

.debug_srcinfo
 *(.debug_srcinfo)

.debug_sfnames
 *(.debug_sfnames)

.debug_aranges  0x00000000       0xe8
 *(.debug_aranges)
 .debug_aranges
                0x00000000       0x28 current_controller_fsm.o
 .debug_aranges
                0x00000028       0x50 Drivers/UART.o
 .debug_aranges
                0x00000078       0x70 main.o

.debug_pubnames
 *(.debug_pubnames)

.debug_info     0x00000000     0x10e3
 *(.debug_info .gnu.linkonce.wi.*)
 .debug_info    0x00000000      0x5f4 C:/Program Files (x86)/Atmel/Studio/7.0/Packs/atmel/ATmega_DFP/1.3.300/gcc/dev/atmega328p/avr5/crtatmega328p.o
 .debug_info    0x000005f4      0x59e current_controller_fsm.o
 .debug_info    0x00000b92      0x28b Drivers/UART.o
 .debug_info    0x00000e1d      0x2c6 main.o

.debug_abbrev   0x00000000      0x88a
 *(.debug_abbrev)
 .debug_abbrev  0x00000000      0x5a2 C:/Program Files (x86)/Atmel/Studio/7.0/Packs/atmel/ATmega_DFP/1.3.300/gcc/dev/atmega328p/avr5/crtatmega328p.o
 .debug_abbrev  0x000005a2       0x7a current_controller_fsm.o
 .debug_abbrev  0x0000061c      0x136 Drivers/UART.o
 .debug_abbrev  0x00000752      0x138 main.o

.debug_line     0x00000000      0xb68
 *(.debug_line .debug_line.* .debug_line_end)
 .debug_line    0x00000000      0x133 C:/Program Files (x86)/Atmel/Studio/7.0/Packs/atmel/ATmega_DFP/1.3.300/gcc/dev/atmega328p/avr5/crtatmega328p.o
 .debug_line    0x00000133      0x5fd current_controller_fsm.o
 .debug_line    0x00000730      0x1df Drivers/UART.o
 .debug_line    0x0000090f      0x259 main.o

.debug_frame    0x00000000      0x26c
 *(.debug_frame)
 .debug_frame   0x00000000       0x64 current_controller_fsm.o
 .debug_frame   0x00000064       0xfc Drivers/UART.o
 .debug_frame   0x00000160      0x10c main.o

.debug_str      0x00000000      0x707
 *(.debug_str)
 .debug_str     0x00000000      0x208 C:/Program Files (x86)/Atmel/Studio/7.0/Packs/atmel/ATmega_DFP/1.3.300/gcc/dev/atmega328p/avr5/crtatmega328p.o
 .debug_str     0x00000208      0x2bd current_controller_fsm.o
                                0x2c2 (size before relaxing)
 .debug_str     0x000004c5      0x16f Drivers/UART.o
                                0x25f (size before relaxing)
 .debug_str     0x00000634       0xd3 main.o
                                0x2b1 (size before relaxing)

.debug_loc      0x00000000      0x571
 *(.debug_loc)
 .debug_loc     0x00000000       0x8a current_controller_fsm.o
 .debug_loc     0x0000008a      0x394 Drivers/UART.o
 .debug_loc     0x0000041e      0x153 main.o

.debug_macinfo
 *(.debug_macinfo)

.debug_weaknames
 *(.debug_weaknames)

.debug_funcnames
 *(.debug_funcnames)

.debug_typenames
 *(.debug_typenames)

.debug_varnames
 *(.debug_varnames)

.debug_pubtypes
 *(.debug_pubtypes)

.debug_ranges   0x00000000       0xb8
 *(.debug_ranges)
 .debug_ranges  0x00000000       0x18 current_controller_fsm.o
 .debug_ranges  0x00000018       0x40 Drivers/UART.o
 .debug_ranges  0x00000058       0x60 main.o

.debug_macro
 *(.debug_macro)
OUTPUT(Current_Controller_C.elf elf32-avr)
LOAD linker stubs
